[   23952ms] [ERROR] Failed to load resource: the server responded with a status of 404 () @ https://pypi.org/pypi/qdarktheme/json:0
[   49779ms] [ERROR] Failed to load resource: the server responded with a status of 404 () @ https://pypi.org/pypi/pyvista-qt/json:0
[   49903ms] [ERROR] Failed to load resource: the server responded with a status of 404 () @ https://pypi.org/pypi/qframelesswindow/json:0
[   50048ms] [ERROR] Failed to load resource: the server responded with a status of 404 () @ https://pypi.org/pypi/pyOCCT/json:0
[   50682ms] [ERROR] Failed to load resource: the server responded with a status of 404 () @ https://pypi.org/pypi/openmotor/json:0
[   60090ms] [ERROR] Connecting to 'https://pypistats.org/api/packages/pyside6/recent' violates the following Content Security Policy directive: "connect-src 'self' https://api.github.com/repos/ https://api.github.com/search/issues https://gitlab.com/api/ https://analytics.python.org *.ethicalads.io https://api.pwnedpasswords.com https://cdn.jsdelivr.net/npm/mathjax@3.2.2/es5/sre/mathmaps/ https://2p66nmmycsj3.statuspage.io". The action has been blocked. @ :0
[   60090ms] [ERROR] Fetch API cannot load https://pypistats.org/api/packages/pyside6/recent. Refused to connect because it violates the document's Content Security Policy. @ :0
[   60091ms] [ERROR] Connecting to 'https://pypistats.org/api/packages/vtk/recent' violates the following Content Security Policy directive: "connect-src 'self' https://api.github.com/repos/ https://api.github.com/search/issues https://gitlab.com/api/ https://analytics.python.org *.ethicalads.io https://api.pwnedpasswords.com https://cdn.jsdelivr.net/npm/mathjax@3.2.2/es5/sre/mathmaps/ https://2p66nmmycsj3.statuspage.io". The action has been blocked. @ :0
[   60091ms] [ERROR] Fetch API cannot load https://pypistats.org/api/packages/vtk/recent. Refused to connect because it violates the document's Content Security Policy. @ :0
[   60091ms] [ERROR] Connecting to 'https://pypistats.org/api/packages/dearpygui/recent' violates the following Content Security Policy directive: "connect-src 'self' https://api.github.com/repos/ https://api.github.com/search/issues https://gitlab.com/api/ https://analytics.python.org *.ethicalads.io https://api.pwnedpasswords.com https://cdn.jsdelivr.net/npm/mathjax@3.2.2/es5/sre/mathmaps/ https://2p66nmmycsj3.statuspage.io". The action has been blocked. @ :0
[   60091ms] [ERROR] Fetch API cannot load https://pypistats.org/api/packages/dearpygui/recent. Refused to connect because it violates the document's Content Security Policy. @ :0
[   60091ms] [ERROR] Connecting to 'https://pypistats.org/api/packages/flet/recent' violates the following Content Security Policy directive: "connect-src 'self' https://api.github.com/repos/ https://api.github.com/search/issues https://gitlab.com/api/ https://analytics.python.org *.ethicalads.io https://api.pwnedpasswords.com https://cdn.jsdelivr.net/npm/mathjax@3.2.2/es5/sre/mathmaps/ https://2p66nmmycsj3.statuspage.io". The action has been blocked. @ :0
[   60091ms] [ERROR] Fetch API cannot load https://pypistats.org/api/packages/flet/recent. Refused to connect because it violates the document's Content Security Policy. @ :0
[   60091ms] [ERROR] Connecting to 'https://pypistats.org/api/packages/toga/recent' violates the following Content Security Policy directive: "connect-src 'self' https://api.github.com/repos/ https://api.github.com/search/issues https://gitlab.com/api/ https://analytics.python.org *.ethicalads.io https://api.pwnedpasswords.com https://cdn.jsdelivr.net/npm/mathjax@3.2.2/es5/sre/mathmaps/ https://2p66nmmycsj3.statuspage.io". The action has been blocked. @ :0
[   60091ms] [ERROR] Fetch API cannot load https://pypistats.org/api/packages/toga/recent. Refused to connect because it violates the document's Content Security Policy. @ :0
[   60091ms] [ERROR] Connecting to 'https://pypistats.org/api/packages/wxpython/recent' violates the following Content Security Policy directive: "connect-src 'self' https://api.github.com/repos/ https://api.github.com/search/issues https://gitlab.com/api/ https://analytics.python.org *.ethicalads.io https://api.pwnedpasswords.com https://cdn.jsdelivr.net/npm/mathjax@3.2.2/es5/sre/mathmaps/ https://2p66nmmycsj3.statuspage.io". The action has been blocked. @ :0
[   60091ms] [ERROR] Fetch API cannot load https://pypistats.org/api/packages/wxpython/recent. Refused to connect because it violates the document's Content Security Policy. @ :0
[   60091ms] [ERROR] Connecting to 'https://pypistats.org/api/packages/pyvista/recent' violates the following Content Security Policy directive: "connect-src 'self' https://api.github.com/repos/ https://api.github.com/search/issues https://gitlab.com/api/ https://analytics.python.org *.ethicalads.io https://api.pwnedpasswords.com https://cdn.jsdelivr.net/npm/mathjax@3.2.2/es5/sre/mathmaps/ https://2p66nmmycsj3.statuspage.io". The action has been blocked. @ :0
[   60091ms] [ERROR] Fetch API cannot load https://pypistats.org/api/packages/pyvista/recent. Refused to connect because it violates the document's Content Security Policy. @ :0
[   60091ms] [ERROR] Connecting to 'https://pypistats.org/api/packages/trimesh/recent' violates the following Content Security Policy directive: "connect-src 'self' https://api.github.com/repos/ https://api.github.com/search/issues https://gitlab.com/api/ https://analytics.python.org *.ethicalads.io https://api.pwnedpasswords.com https://cdn.jsdelivr.net/npm/mathjax@3.2.2/es5/sre/mathmaps/ https://2p66nmmycsj3.statuspage.io". The action has been blocked. @ :0
[   60091ms] [ERROR] Fetch API cannot load https://pypistats.org/api/packages/trimesh/recent. Refused to connect because it violates the document's Content Security Policy. @ :0
[   60091ms] [ERROR] Connecting to 'https://pypistats.org/api/packages/cadquery-ocp/recent' violates the following Content Security Policy directive: "connect-src 'self' https://api.github.com/repos/ https://api.github.com/search/issues https://gitlab.com/api/ https://analytics.python.org *.ethicalads.io https://api.pwnedpasswords.com https://cdn.jsdelivr.net/npm/mathjax@3.2.2/es5/sre/mathmaps/ https://2p66nmmycsj3.statuspage.io". The action has been blocked. @ :0
[   60091ms] [ERROR] Fetch API cannot load https://pypistats.org/api/packages/cadquery-ocp/recent. Refused to connect because it violates the document's Content Security Policy. @ :0
[   60091ms] [ERROR] Connecting to 'https://pypistats.org/api/packages/pyqt5/recent' violates the following Content Security Policy directive: "connect-src 'self' https://api.github.com/repos/ https://api.github.com/search/issues https://gitlab.com/api/ https://analytics.python.org *.ethicalads.io https://api.pwnedpasswords.com https://cdn.jsdelivr.net/npm/mathjax@3.2.2/es5/sre/mathmaps/ https://2p66nmmycsj3.statuspage.io". The action has been blocked. @ :0
[   60091ms] [ERROR] Fetch API cannot load https://pypistats.org/api/packages/pyqt5/recent. Refused to connect because it violates the document's Content Security Policy. @ :0
[   60091ms] [ERROR] Connecting to 'https://pypistats.org/api/packages/pyqt6/recent' violates the following Content Security Policy directive: "connect-src 'self' https://api.github.com/repos/ https://api.github.com/search/issues https://gitlab.com/api/ https://analytics.python.org *.ethicalads.io https://api.pwnedpasswords.com https://cdn.jsdelivr.net/npm/mathjax@3.2.2/es5/sre/mathmaps/ https://2p66nmmycsj3.statuspage.io". The action has been blocked. @ :0
[   60091ms] [ERROR] Fetch API cannot load https://pypistats.org/api/packages/pyqt6/recent. Refused to connect because it violates the document's Content Security Policy. @ :0
[   60091ms] [ERROR] Connecting to 'https://pypistats.org/api/packages/pymeshlab/recent' violates the following Content Security Policy directive: "connect-src 'self' https://api.github.com/repos/ https://api.github.com/search/issues https://gitlab.com/api/ https://analytics.python.org *.ethicalads.io https://api.pwnedpasswords.com https://cdn.jsdelivr.net/npm/mathjax@3.2.2/es5/sre/mathmaps/ https://2p66nmmycsj3.statuspage.io". The action has been blocked. @ :0
[   60091ms] [ERROR] Fetch API cannot load https://pypistats.org/api/packages/pymeshlab/recent. Refused to connect because it violates the document's Content Security Policy. @ :0
[   60091ms] [ERROR] Connecting to 'https://pypistats.org/api/packages/open3d/recent' violates the following Content Security Policy directive: "connect-src 'self' https://api.github.com/repos/ https://api.github.com/search/issues https://gitlab.com/api/ https://analytics.python.org *.ethicalads.io https://api.pwnedpasswords.com https://cdn.jsdelivr.net/npm/mathjax@3.2.2/es5/sre/mathmaps/ https://2p66nmmycsj3.statuspage.io". The action has been blocked. @ :0
[   60091ms] [ERROR] Fetch API cannot load https://pypistats.org/api/packages/open3d/recent. Refused to connect because it violates the document's Content Security Policy. @ :0
